hola mola chola moja moja